ACCESS:<> 0
APPEND:[1,2,3,4]
ARC:
AT:
BEEP:
BLOAD:
BPUTC#:
BSAVE:
CALL:
CHART:
CHDIR:
CHMOD:
CIRCLE:
CLOSE:
CLS:
COLOR:
COPY:
DATEDMY:1012022
DELAY:
DELETE:
DERIV:
DIFFEQN:
DIRWALK:
DRAW:
DRAWPOLY:
EMPTY:
ENV:
EXPRSEQ:
FORM(map):
IMAGE:
INPUT:
INPUT:
INSERT:
INTERSECT:
JOIN:
KILL:
LINE:
LINEINPUT:
LINPUT:
LOCATE:
LOCK:
LOGPRINT:
M3APPLY:
M3IDENT:
M3ROTATE:
M3SCALE:
M3TRANS:
MKDIR:
NOSOUND:
OPEN:
PAINT:
PAUSE:
PEN:
PLAY:
PLOT:
POLYEXT:
PRINT:
PSET:
RANDOMIZE:
READ:
RECT:
REDIM:
RENAME:
RMDIR:
ROOT:
SEARCH:
SEEK:
SHOWPAGE:
SINPUT:
SORT:
SOUND:
SPLIT:
SPRINT:
STKDUMP:
SWAP:2010
THROW:
TIMEHMS:
TLOAD:
TRON:
<97>TROFF:
TSAVE:
VIEW:
WINDOW:
WRITE:
ABS:12.2222
ABSMAX:9
ABSMIN:1
ACOS:nan
ACOSH:3.2010898763691
ACOT:0.0811223921009
ACOTH:0.08148065475471
ACSC:0.0813906444483
ACSCH:0.08121151437921
ARRAY
ASC:99
ASEC:1.48940568234659
ASECH:nan
ASIN:nan
ASINH:3.20439481754902
ATAN:1.489673934694
ATAN2:1.489673934694
ATANH:nan
ATN:1.489673934694
BCS:catsanddogs
BGETC:
BIN:00000000000000000000000000001100
CAT:
CBS:catsanddogs
CEIL:13
CHOP:123.45
CHR:W
COS:0.96473261788661
COSH:109847.99433834482625
COT:-3.66495480230944
COTH:1.00000000004144
CSC:-3.79893323223389
CSCH:0.00000910348893
DATE:
DATEFMT:12 01
DEFINEKEY:
DEG:704.73808801091252
DETERM:
DISCLOSE:debraceme
ENCLOSE:{braceme}
EOF:
EXIST:
EXP:219695.98867213790072
FILES:[]
FIX:13
FLOOR:12
FORMAT:XXXX
FRAC:0.3
FRE:
FREEFILE:1
HEX:C
IFF:1+1=2
INKEY:
INPUT:
INSTR:0
INT:12
INVERSE:[0.75,-0.25,0.25;-2,1,0;-1.75,1.25,-0.25]
ISARRAY:1
ISDIR:0
ISFILE:0
ISLINK:0
ISMAP:0
ISNUMBER:1
ISSTRING:1
JULIAN:1721426
LBOUND:0
LCASE:catsanddogs
LEFT:ca
LEFTOF:
LEFTOFLAST:
LEN(d):1
LINEQN:
LOF:
LOG:2.50959926237837
LOG10:1.0899051114394
LOWER:catsanddogs
LTRIM:catsanddogs
MAX:9
MID:atsa
MIN:1
OCT:14
PEN:0
POINT:0
POLYAREA:
POLYCENT:
POW:12.3
PROGLINE:188
PTDISTLN:0
PTDISTSEG:0
PTSIGN:0
RAD:0.2146754979953
REPLACE:sorceurce
RGB:-5263440
RGBF:-1710618
RIGHT:gs
RIGHTOF:
RIGHTOFLAST:
RINSTR:0
RND:1
ROUND:12.3
RTRIM:catsanddogs
RUN:
SEC:1.03655663907234
SECH:0.00000910348893
SEEK:
SEGCOS:0
SEGLEN:0
SEGSIN:0
SEQ:
SGN:1
SIN:-0.2632317913658
SINH:109847.99433379307447
SPACE:  <
SPC:  <
SQR:3.50713558335004
SQUEEZE:catsanddogs
STATMEAN:5
STATMEANDEV:2.22222222222222
STATSPREADP:6.66666666666667
STATSPREADS:7.5
STR:5
STRING:StringsStringsStringsStringsStrings
SUM:45
SUMSQ:285
TAB:    HERE
TAN:-0.27285466095512
TANH:0.99999999995856
TEXTHEIGHT:1
TEXTWIDTH:11
TICKS:
TIME:
TIMER:
TIMESTAMP:
TRANSLATE:source
TRIM(s):s with spaces
TXTH:1
TXTW:11
UBOUND:18
UCASE:CATSANDDOGS
UPPER:CATSANDDOGS
VAL:0
WEEKDAY:-1 3 1
XPOS:0
YPOS:0
