

 * COMP-ERROR AT Main:2 * 
Description:
Label '1' is not defined

