Client connection closed
Server connection closed
