start of test
a:
{"xcat":"cat","xdog":"dog","xfish":{"small":"small","big":"big"}}
In a:
a.xfish={"small":"small","big":"big"}
a.xdog=dog
a.xcat=cat
In a.xfish:
a.xfish.small=small
a.xfish.big=big
3
2
10
